[2026-06-11T21:30:55.495Z] GET http://localhost:5199/ → 200 (11ms, 599B)
[2026-06-11T21:30:55.510Z] GET http://localhost:5199/@vite/client → 200 (16ms, 137703B)
[2026-06-11T21:30:55.510Z] GET http://localhost:5199/src/main.jsx?t=1781213435118 → 200 (14ms, 2068B)
[2026-06-11T21:30:55.511Z] GET http://localhost:5199/@react-refresh → 200 (18ms, 117548B)
[2026-06-11T21:30:55.525Z] GET http://localhost:5199/node_modules/.vite/deps/react_jsx-dev-runtime.js?v=149ecb65 → 200 (13ms, 36963B)
[2026-06-11T21:30:55.525Z] GET http://localhost:5199/node_modules/.vite/deps/react.js?v=149ecb65 → 200 (11ms, 155B)
[2026-06-11T21:30:55.526Z] GET http://localhost:5199/node_modules/.vite/deps/react-dom_client.js?v=149ecb65 → 200 (11ms, 1054B)
[2026-06-11T21:30:55.526Z] GET http://localhost:5199/src/App.jsx?t=1781213435118 → 200 (13ms, 19019B)
[2026-06-11T21:30:55.526Z] GET http://localhost:5199/src/index.css?t=1781213435118 → 200 (32ms, 13670B)
[2026-06-11T21:30:55.527Z] GET http://localhost:5199/node_modules/vite/dist/client/env.mjs → 200 (32ms, 4021B)
[2026-06-11T21:30:55.537Z] GET http://localhost:5199/node_modules/.vite/deps/chunk-2YIMICFJ.js?v=149ecb65 → 200 (25ms, 79217B)
[2026-06-11T21:30:55.538Z] GET http://localhost:5199/node_modules/.vite/deps/chunk-BCXODTBQ.js?v=149ecb65 → 200 (58ms, 928023B)
[2026-06-11T21:30:55.541Z] GET http://localhost:5199/src/theme.js → 200 (27ms, 2509B)
[2026-06-11T21:30:55.541Z] GET http://localhost:5199/src/views/Overview.jsx?t=1781211356699 → 200 (28ms, 31418B)
[2026-06-11T21:30:55.541Z] GET http://localhost:5199/src/views/Uncertainty.jsx → 200 (30ms, 49803B)
[2026-06-11T21:30:55.541Z] GET http://localhost:5199/src/views/Method.jsx?t=1781211342140 → 200 (31ms, 35736B)
[2026-06-11T21:30:55.541Z] GET http://localhost:5199/src/views/Grammar.jsx → 200 (32ms, 41817B)
[2026-06-11T21:30:55.541Z] GET http://localhost:5199/src/views/Schema.jsx → 200 (34ms, 73595B)
[2026-06-11T21:30:55.541Z] GET http://localhost:5199/src/views/Calibration.jsx?t=1781210512361 → 200 (36ms, 59742B)
[2026-06-11T21:30:55.541Z] GET http://localhost:5199/src/views/Worlds.jsx?t=1781212618841 → 200 (42ms, 96192B)
[2026-06-11T21:30:55.541Z] GET http://localhost:5199/src/views/Strategies.jsx?t=1781213435118 → 200 (115ms, 46560B)
[2026-06-11T21:30:55.541Z] GET http://localhost:5199/src/views/Regret.jsx?t=1781211497120 → 200 (45ms, 63947B)
[2026-06-11T21:30:55.541Z] GET http://localhost:5199/src/views/Pathway.jsx?t=1781211516742 → 200 (46ms, 29990B)
[2026-06-11T21:30:55.542Z] GET http://localhost:5199/src/views/Findings.jsx → 200 (59ms, 17847B)
[2026-06-11T21:30:55.569Z] GET http://localhost:5199/src/components/ui.jsx → 200 (33ms, 14633B)
[2026-06-11T21:30:55.576Z] GET http://localhost:5199/src/data/schema.js → 200 (29ms, 73245B)
[2026-06-11T21:30:55.578Z] GET http://localhost:5199/src/data/calibration.js → 200 (28ms, 23778B)
[2026-06-11T21:30:55.578Z] GET http://localhost:5199/src/engine.js → 200 (31ms, 21100B)
[2026-06-11T21:30:55.584Z] GET http://localhost:5199/node_modules/.vite/deps/recharts.js?v=149ecb65 → 200 (60ms, 1260098B)
[2026-06-11T21:30:55.584Z] GET http://localhost:5199/src/data/worlds.js?t=1781211178838 → 200 (38ms, 32465B)
[2026-06-11T21:30:55.587Z] GET http://localhost:5199/src/data/matrix.js?t=1781211163951 → 200 (38ms, 25586B)
[2026-06-11T21:30:55.587Z] GET http://localhost:5199/src/data/pathway.js → 200 (39ms, 23291B)
[2026-06-11T21:30:55.601Z] GET http://localhost:5199/src/data/findings.js → 200 (26ms, 17444B)
